// Jest Snapshot v1, https://goo.gl/fbAQLP

exports[`Header component Renders Go Fund Me header 1`] = `
<div>
  <section
    class="jumbotron text-center"
  >
    <h1
      class="jumbotron-heading"
    >
      Go Fund Mo
    </h1>
    <p
      class="lead text-muted"
    >
      Help me go on a vacation to a beach somewhere
    </p>
  </section>
</div>
`;
